RAM Allocation
Variable                                                          Address   Size
--------------------------------------------------------------------------------
pi                                                                0260h        4
degs                                                              0264h        4
rads                                                              0268h        4
L                                                                 026Ch        4
g                                                                 0270h        4
sundia                                                            0274h        4
airrefr                                                           0278h        4
settm                                                             027Ch        4
riset                                                             0280h        4
daytime                                                           0284h        4
sunrise_min                                                       0288h        4
sunset_min                                                        028Ch        4
adc_buffer                                                        0290h        4
timeout_cnt                                                       0294h        4
target_angle                                                      0298h        4
printkeycnt                                                       029Ch        4
calibusercnt                                                      02A0h        4
program_timeout                                                   02A4h        4
set                                                               02A8h        2
item1                                                             02AAh        2
bright_cnt                                                        02ACh        2
angle_cnt                                                         02AEh        2
mode0_seqcnt                                                      02B0h        2
end_cnt                                                           02B2h        2
ocr_inc                                                           02B4h        2
sleep_counter                                                     02B6h        2
adc_pvolt                                                         02B8h        2
adc_chargecurrent                                                 02BAh        2
adc_battery                                                       02BCh        2
adc_angle                                                         02BEh        2
mode1_count                                                       02C0h        2
blink_count                                                       02C2h        2
display_cnt                                                       02C4h        2
manual_cnt                                                        02C6h        2
adc_count                                                         02C8h        2
boost_time                                                        02CAh        4
float_time                                                        02CEh        4
blink_locx                                                        02D2h        1
blink_locy                                                        02D3h        1
blink_data                                                        02D4h        1
set_latit                                                         02D5h        2
set_longitude                                                     02D7h        2
angle                                                             02D9h        2
low_angle                                                         02DBh        2
high_angle                                                        02DDh        2
time_interval                                                     02DFh        2
target_time                                                       02E1h        2
time_elap                                                         02E3h        2
set_timezone                                                      02E5h        2
zero_adc                                                          02E7h        4
span_adc                                                          02EBh        4
char_latitude                                                     02EFh        1
char_longitude                                                    02F0h        1
char_timezone                                                     02F1h        1
_seed                                                             02F2h        4
_base_y                                                           02F6h        4
_lcd_x                                                            02FAh        1
_lcd_y                                                            02FBh        1
_lcd_maxx                                                         02FCh        1

EEPROM Allocation
Variable                                                          Address   Size
--------------------------------------------------------------------------------
e_set_latit                                                       0000h        2
e_set_longitude                                                   0002h        2
e_low_angle                                                       0004h        2
e_high_angle                                                      0006h        2
e_time_interval                                                   0008h        2
e_set_timezone                                                    000Ah        2
e_zero_adc                                                        000Ch        4
e_span_adc                                                        0010h        4
record_cnt                                                        0020h        2

Register Allocation
Variable                                                          Register  Size
--------------------------------------------------------------------------------
hour                                                              R7           1
minute                                                            R6           1
second                                                            R9           1
day                                                               R8           1
month                                                             R11          1
year                                                              R10          1
key1_old                                                          R2.0      1bit
key2_old                                                          R2.1      1bit
key3_old                                                          R2.2      1bit
key4_old                                                          R2.3      1bit
printkey_old                                                      R2.4      1bit
start_fl                                                          R2.5      1bit
end_fl                                                            R2.6      1bit
inf_fl                                                            R2.7      1bit
key1_fl                                                           R3.0      1bit
key2_fl                                                           R3.1      1bit
key3_fl                                                           R3.2      1bit
key4_fl                                                           R3.3      1bit
printkey_fl                                                       R3.4      1bit
err_fl                                                            R3.5      1bit
err_fl1                                                           R3.6      1bit
err_fl2                                                           R3.7      1bit
err_fl3                                                           R4.0      1bit
led_blinkfl                                                       R4.1      1bit
sleep_fl                                                          R4.2      1bit
pgm_fl                                                            R4.3      1bit
blink_fl                                                          R4.4      1bit
adc_fl                                                            R4.5      1bit
read_adcfl                                                        R4.6      1bit
boost_fl                                                          R4.7      1bit
trickle_fl                                                        R5.0      1bit
float_fl                                                          R5.1      1bit
mode                                                              R12,R13      2
calibuser                                                         R5.2      1bit
calibfact                                                         R5.3      1bit
manual_fl                                                         R5.4      1bit
