RAM Allocation [bytes]
Variable                                                                          Address   Size
------------------------------------------------------------------------------------------------
pi                                                                                0x0260       4
degs                                                                              0x0264       4
rads                                                                              0x0268       4
L                                                                                 0x026C       4
g                                                                                 0x0270       4
sundia                                                                            0x0274       4
airrefr                                                                           0x0278       4
settm                                                                             0x027C       4
riset                                                                             0x0280       4
daytime                                                                           0x0284       4
sunrise_min                                                                       0x0288       4
sunset_min                                                                        0x028C       4
adc_buffer                                                                        0x0290       4
timeout_cnt                                                                       0x0294       4
target_angle                                                                      0x0298       4
sun_angle                                                                         0x029C       4
printkeycnt                                                                       0x02A0       4
calibusercnt                                                                      0x02A4       4
program_timeout                                                                   0x02A8       4
mode                                                                              0x02AC       2
set                                                                               0x02AE       2
item1                                                                             0x02B0       2
bright_cnt                                                                        0x02B2       2
mode0_seqcnt                                                                      0x02B4       2
end_cnt                                                                           0x02B6       2
sleep_counter                                                                     0x02B8       2
time_cnt                                                                          0x02BA       2
time_cnt1                                                                         0x02BC       2
pwm_count                                                                         0x02BE       2
mode1_count                                                                       0x02C0       2
blink_count                                                                       0x02C2       2
display_cnt                                                                       0x02C4       2
manual_cnt                                                                        0x02C6       2
blink_locy                                                                        0x02C8       1
blink_data                                                                        0x02C9       1
set_latit                                                                         0x02CA       2
set_longitude                                                                     0x02CC       2
low_angle                                                                         0x02CE       2
high_angle                                                                        0x02D0       2
time_interval                                                                     0x02D2       2
target_time                                                                       0x02D4       2
time_elap                                                                         0x02D6       2
set_timezone                                                                      0x02D8       2
zero_adc                                                                          0x02DA       4
span_adc                                                                          0x02DE       4
char_latitude                                                                     0x02E2       1
char_longitude                                                                    0x02E3       1
char_timezone                                                                     0x02E4       1
char_width                                                                        0x02E5       1
char_distance                                                                     0x02E6       1
char_id                                                                           0x02E7       1
char_rate                                                                         0x02E8       1
x_angle                                                                           0x02E9       2
y_angle                                                                           0x02EB       2
z_angle                                                                           0x02ED       2
pitch                                                                             0x02EF       2
roll                                                                              0x02F1       2
angle                                                                             0x02F3       2
Gyrox                                                                             0x02F5       2
Gyroy                                                                             0x02F7       2
Gyroz                                                                             0x02F9       2
angle_filt                                                                        0x02FB       8
set_distance                                                                      0x0303       2
set_width                                                                         0x0305       2
modbus_id                                                                         0x0307       2
modbus_rate                                                                       0x0309       2
new_target                                                                        0x030B       2
b_factor                                                                          0x030D       2
gangle                                                                            0x030F       2
rx_buffer                                                                         0x0311      20
rx_wr_index                                                                       0x0325       1
rx_rd_index                                                                       0x0326       1
rx_counter                                                                        0x0327       1
mbreceived_data                                                                   0x0328      10
tx_buffer                                                                         0x0332      48
tx_wr_index                                                                       0x0362       1
tx_rd_index                                                                       0x0363       1
tx_counter                                                                        0x0364       1
mb_data                                                                           0x0365      40
mb_inputdata                                                                      0x038D      10
_seed                                                                             0x0397       4
_base_y                                                                           0x039B       4
_lcd_x                                                                            0x039F       1
_lcd_y                                                                            0x03A0       1
_lcd_maxx                                                                         0x03A1       1

EEPROM Allocation [bytes]
Variable                                                                          Address   Size
------------------------------------------------------------------------------------------------
e_set_latit                                                                       0x0000       2
e_set_longitude                                                                   0x0002       2
e_low_angle                                                                       0x0004       2
e_high_angle                                                                      0x0006       2
e_time_interval                                                                   0x0008       2
e_set_timezone                                                                    0x000A       2
e_zero_adc                                                                        0x000C       4
e_span_adc                                                                        0x0010       4
record_cnt                                                                        0x0020       2
e_hour                                                                            0x0014       1
e_minute                                                                          0x0015       1
e_second                                                                          0x0016       1
e_week                                                                            0x0017       1
e_month                                                                           0x0018       1
e_day                                                                             0x0019       1
e_year                                                                            0x001A       1
e_set_width                                                                       0x001B       2
e_set_distance                                                                    0x001D       2
e_modbus_id                                                                       0x0022       2
e_modbus_rate                                                                     0x0024       2

Register Allocation
Variable                                                                          Register  Size
------------------------------------------------------------------------------------------------
hour                                                                              R7           1
minute                                                                            R6           1
second                                                                            R9           1
week                                                                              R8           1
day                                                                               R11          1
month                                                                             R10          1
year                                                                              R13          1
key1_old                                                                          R2.0      1bit
key2_old                                                                          R2.1      1bit
key3_old                                                                          R2.2      1bit
key4_old                                                                          R2.3      1bit
printkey_old                                                                      R2.4      1bit
start_fl                                                                          R2.5      1bit
end_fl                                                                            R2.6      1bit
inf_fl                                                                            R2.7      1bit
key1_fl                                                                           R3.0      1bit
key2_fl                                                                           R3.1      1bit
key3_fl                                                                           R3.2      1bit
key4_fl                                                                           R3.3      1bit
printkey_fl                                                                       R3.4      1bit
err_fl                                                                            R3.5      1bit
led_blinkfl                                                                       R3.6      1bit
sleep_fl                                                                          R3.7      1bit
print_fl                                                                          R4.0      1bit
pgm_fl                                                                            R4.1      1bit
blink_fl                                                                          R4.2      1bit
adc_fl                                                                            R4.3      1bit
read_adcfl                                                                        R4.4      1bit
boost_fl                                                                          R4.5      1bit
trickle_fl                                                                        R4.6      1bit
float_fl                                                                          R4.7      1bit
blink_locx                                                                        R12          1
calibuser                                                                         R5.0      1bit
calibfact                                                                         R5.1      1bit
manual_fl                                                                         R5.2      1bit
modbus_fl                                                                         R5.3      1bit
rx_buffer_overflow                                                                R5.4      1bit

FLASH Allocation [words]
Function                                                                          Address   Size
------------------------------------------------------------------------------------------------
usart_rx_isr                                                                      0x002DD     94
usart_tx_isr                                                                      0x0033B     35
putchar                                                                           0x0035E     40
mbreset                                                                           0x003AD     14
mb_datatransfer                                                                   0x003BB    119
mblimitcheck                                                                      0x00432     11
check_mbreceived                                                                  0x0043D    621
define_char                                                                       0x006AA     28
fnday                                                                             0x006C6    123
fnrange                                                                           0x00741     98
f0                                                                                0x007A3    147
fnsun                                                                             0x00836    208
rise_set                                                                          0x00906    631
clear_to_default                                                                  0x00B7D     56
to_minute                                                                         0x00BB5     11
put_message                                                                       0x00BC0    147
put_message2                                                                      0x00C53     26
put_message3                                                                      0x00C6D     49
blink_control                                                                     0x00C9E     49
display_time                                                                      0x00CCF     12
display_latlong                                                                   0x00CDB     35
display_modbus                                                                    0x00CFE     27
display_date                                                                      0x00D19     17
display_day2                                                                      0x00D2A     28
display_analog                                                                    0x00D46     23
display_angle1                                                                    0x00D70     66
check_mode                                                                        0x00DB2    180
check_increment                                                                   0x00E66    580
check_decrement                                                                   0x010AA    565
check_shift                                                                       0x012DF    273
check_enter                                                                       0x013F0    873
get_key                                                                           0x01759    185
mpu6050_init                                                                      0x01812     70
mpu6050_read                                                                      0x01858    343
read_adc                                                                          0x019AF     30
display_update                                                                    0x019CD    884
cal_angle                                                                         0x01D41      5
target_cal                                                                        0x01D46    463
backtrack                                                                         0x01F15    203
ext_int0_isr                                                                      0x01FE0    448
eeprom_transfer                                                                   0x021A0    105
init                                                                              0x02209    100
WDT_OFF                                                                           0x0226D      5
panel_movement                                                                    0x02272    459
led_check                                                                         0x0243D     19
rtc_reset                                                                         0x02450     59
main                                                                              0x0248B    703
ftrunc                                                                            0x0274A     49
floor                                                                             0x0277B     24
sin                                                                               0x02793    180
cos                                                                               0x02847     15
tan                                                                               0x02856     45
xatan                                                                             0x02883     63
yatan                                                                             0x028C2     83
asin                                                                              0x02915    135
atan                                                                              0x0299C     21
atan2                                                                             0x029B1    105
abs                                                                               0x02A1A     10
sleep_disable                                                                     0x02A24      4
rtc_init                                                                          0x02A28     31
rtc_get_time                                                                      0x02A47     48
rtc_set_time                                                                      0x02A77     31
rtc_get_date                                                                      0x02A96     54
rtc_set_date                                                                      0x02ACC     34
_lcd_delay_G105                                                                   0x02AEE      4
_lcd_ready                                                                        0x02AF2     17
_lcd_write_nibble_G105                                                            0x02B03     10
_lcd_write_data                                                                   0x02B0D     15
lcd_write_byte                                                                    0x02B1C     11
_lcd_read_nibble_G105                                                             0x02B27      9
lcd_read_byte0_G105                                                               0x02B30      9
lcd_gotoxy                                                                        0x02B39     20
lcd_clear                                                                         0x02B4D     21
lcd_putchar                                                                       0x02B62     39
lcd_putsf                                                                         0x02B89     19
_long_delay_G105                                                                  0x02B9C      5
_lcd_init_write_G105                                                              0x02BA1     12
lcd_init                                                                          0x02BAD     58
bcd2bin                                                                           0x02BE7     13
bin2bcd                                                                           0x02BF4     10
